(property) <span style="color:#660e7a;">somePost</span><span style="">:&#32;{<br></span><span style="">&#32;&#32;&#32;&#32;innerField:&#32;</span><span style="color:#000080;">string</span><span style="">;<br></span><span style="">}</span><br/>[ide]<br/>(property) <span style="color:#660e7a;">somePost</span><span style="">:&#32;{innerField:&#32;</span><span style="color:#000080;">string</span><span style="">}</span> <span style="color:808080;">(+page.server.ts)</span>