<div class='definition'><pre><span style="color:#660e7a;">unrelatedData.unrelatedValue</span>: <span style="color:#0000ff;">42</span></pre></div><table class='sections'><tr><td valign='top'><icon src='AllIcons.FileTypes.JavaScript'/>&nbsp;NoDummyResolve.svelte</td></table>