<span style="color:#660e7a;">any</span><br/>[ide]<br/>(property) <span style="color:#660e7a;">unrelatedData.unrelatedValue</span><span style="">:&#32;</span><span style="color:#0000ff;">42</span>