<div class='definition'><pre><span style="color:#660e7a;">localData.uniqueName</span>: <span style="">{&#32;name:&#32;</span><span style="color:#000080;">string&#32;</span><span style="">}</span>
<span>[ide type]</span>: <span style="">{&#32;name:&#32;</span><span style="color:#000080;">string&#32;</span><span style="">}</span></pre></div><table class='sections'><tr><td valign='top'><icon src='AllIcons.FileTypes.JavaScript'/>&nbsp;QualifiedReferenceToProperty.svelte</td></table>