(property) <span style="color:#660e7a;">uniqueName</span><span style="">:&#32;{<br></span><span style="">&#32;&#32;&#32;&#32;name:&#32;</span><span style="color:#000080;">string</span><span style="">;<br></span><span style="">}</span><br/>[ide]<br/>(property) <span style="color:#660e7a;">localData.uniqueName</span><span style="">:&#32;{name:&#32;</span><span style="color:#000080;">string</span><span style="">}</span>