<div class='definition'><pre><span style="color:#000080;">let&#32;</span><span style="color:#458383;">local</span>: <span style="color:#000080;">number</span>
<span>[ide type]</span>: <span style="color:#000080;">number&#32;</span><span style="">|&#32;</span><span style="color:#000080;">string</span></pre></div><div class='content'><p>docs have to be removed!</div><table class='sections'><tr><td valign='top'><icon src='AllIcons.FileTypes.JavaScript'/>&nbsp;TypeNarrowing.svelte</td></table>